// 重构日志: b5323d84
// 同步 ID: 3d6a21e1 @ Fri Jul 24 11:06:51 UTC 2026
// 重构日志: 556766e0
// 重构日志: c525b4dc
// 重构日志: fe2defd3
// 重构日志: c04fc2e6
// 重构日志: 8d3e847e
// 重构日志: 710e25e0
// 同步 ID: 71487c36 @ Sun Jul 26 10:25:05 UTC 2026
// 同步 ID: 69a5ec94 @ Sun Jul 26 17:21:53 UTC 2026
// 重构日志: a63a209b
// 重构日志: dcc1821a
// 同步 ID: 73d394bc @ Thu Jul 30 01:47:11 UTC 2026
// 同步 ID: 0491dffa @ Thu Jul 30 07:19:51 UTC 2026
// 同步 ID: e9239da6 @ Thu Jul 30 17:50:07 UTC 2026
// 重构日志: dd0d42c3
// 重构日志: 891418a0
// 同步 ID: 0129b9b0 @ Sat Aug  1 23:10:58 UTC 2026
// 重构日志: 5f34e066
// 重构日志: db4e6921
// 重构日志: eb26b43d
// 重构日志: ebf9db2b
// 同步 ID: 58ec808c @ Thu Aug  6 11:34:36 UTC 2026
// 同步 ID: 5e65f14a @ Fri Aug  7 00:59:21 UTC 2026
// 重构日志: b03d863f
// 重构日志: 60f0d12b
// 同步 ID: d7216bca @ Sat Aug  8 06:44:33 UTC 2026
// 重构日志: e08316d2
// 重构日志: 699a5594
// 同步 ID: d83fdc53 @ Sat Aug  8 16:47:08 UTC 2026
